// Jest Snapshot v1, https://goo.gl/fbAQLP

exports[`array exact length constraint: exact length: too long 1`] = `
Array [
  Object {
    "item": ValidationError {
      "children": undefined,
      "message": "Must have exactly 2 items",
      "operation": undefined,
      "paths": Array [],
    },
    "level": "error",
    "path": Array [],
    "type": "validation",
  },
]
`;

exports[`array exact length constraint: exact length: too short 1`] = `
Array [
  Object {
    "item": ValidationError {
      "children": undefined,
      "message": "Must have exactly 2 items",
      "operation": undefined,
      "paths": Array [],
    },
    "level": "error",
    "path": Array [],
    "type": "validation",
  },
]
`;

exports[`array exact length constraint: exact length: valid 1`] = `Array []`;

exports[`array max length constraint: max length: too long 1`] = `
Array [
  Object {
    "item": ValidationError {
      "children": undefined,
      "message": "Must have at most 2 items",
      "operation": undefined,
      "paths": Array [],
    },
    "level": "error",
    "path": Array [],
    "type": "validation",
  },
]
`;

exports[`array max length constraint: max length: valid 1`] = `Array []`;

exports[`array min length constraint: min length: too short 1`] = `
Array [
  Object {
    "item": ValidationError {
      "children": undefined,
      "message": "Must have at least 2 items",
      "operation": undefined,
      "paths": Array [],
    },
    "level": "error",
    "path": Array [],
    "type": "validation",
  },
]
`;

exports[`array min length constraint: min length: valid 1`] = `Array []`;

exports[`array required constraint: required: empty array 1`] = `Array []`;

exports[`array required constraint: required: null 1`] = `
Array [
  Object {
    "item": ValidationError {
      "children": undefined,
      "message": "Expected type \\"Array\\", got \\"null\\"",
      "operation": undefined,
      "paths": Array [],
    },
    "level": "error",
    "path": Array [],
    "type": "validation",
  },
  Object {
    "item": ValidationError {
      "children": undefined,
      "message": "Required",
      "operation": undefined,
      "paths": Array [],
    },
    "level": "error",
    "path": Array [],
    "type": "validation",
  },
]
`;

exports[`array required constraint: required: undefined 1`] = `
Array [
  Object {
    "item": ValidationError {
      "children": undefined,
      "message": "Required",
      "operation": undefined,
      "paths": Array [],
    },
    "level": "error",
    "path": Array [],
    "type": "validation",
  },
]
`;

exports[`array required constraint: required: valid 1`] = `Array []`;

exports[`array unique constraint (default, array values): array unique: duplicates 1`] = `
Array [
  Object {
    "item": ValidationError {
      "children": undefined,
      "message": "Can't be a duplicate",
      "operation": undefined,
      "paths": Array [
        Array [
          0,
        ],
        Array [
          1,
        ],
      ],
    },
    "level": "error",
    "path": Array [
      0,
    ],
    "type": "validation",
  },
  Object {
    "item": ValidationError {
      "children": undefined,
      "message": "Can't be a duplicate",
      "operation": undefined,
      "paths": Array [
        Array [
          0,
        ],
        Array [
          1,
        ],
      ],
    },
    "level": "error",
    "path": Array [
      1,
    ],
    "type": "validation",
  },
]
`;

exports[`array unique constraint (default, array values): array unique: valid 1`] = `Array []`;

exports[`array unique constraint (default, bool values): boolean unique: duplicates 1`] = `
Array [
  Object {
    "item": ValidationError {
      "children": undefined,
      "message": "Can't be a duplicate",
      "operation": undefined,
      "paths": Array [
        Array [
          0,
        ],
        Array [
          2,
        ],
      ],
    },
    "level": "error",
    "path": Array [
      0,
    ],
    "type": "validation",
  },
  Object {
    "item": ValidationError {
      "children": undefined,
      "message": "Can't be a duplicate",
      "operation": undefined,
      "paths": Array [
        Array [
          0,
        ],
        Array [
          2,
        ],
      ],
    },
    "level": "error",
    "path": Array [
      2,
    ],
    "type": "validation",
  },
]
`;

exports[`array unique constraint (default, bool values): boolean unique: valid 1`] = `Array []`;

exports[`array unique constraint (default, numeric values): numeric unique: duplicates 1`] = `
Array [
  Object {
    "item": ValidationError {
      "children": undefined,
      "message": "Can't be a duplicate",
      "operation": undefined,
      "paths": Array [
        Array [
          0,
        ],
        Array [
          2,
        ],
      ],
    },
    "level": "error",
    "path": Array [
      0,
    ],
    "type": "validation",
  },
  Object {
    "item": ValidationError {
      "children": undefined,
      "message": "Can't be a duplicate",
      "operation": undefined,
      "paths": Array [
        Array [
          0,
        ],
        Array [
          2,
        ],
      ],
    },
    "level": "error",
    "path": Array [
      2,
    ],
    "type": "validation",
  },
]
`;

exports[`array unique constraint (default, numeric values): numeric unique: valid 1`] = `Array []`;

exports[`array unique constraint (default, object values): object unique: duplicates 1`] = `
Array [
  Object {
    "item": ValidationError {
      "children": undefined,
      "message": "Can't be a duplicate",
      "operation": undefined,
      "paths": Array [
        Array [
          0,
        ],
        Array [
          3,
        ],
      ],
    },
    "level": "error",
    "path": Array [
      0,
    ],
    "type": "validation",
  },
  Object {
    "item": ValidationError {
      "children": undefined,
      "message": "Can't be a duplicate",
      "operation": undefined,
      "paths": Array [
        Array [
          0,
        ],
        Array [
          3,
        ],
      ],
    },
    "level": "error",
    "path": Array [
      3,
    ],
    "type": "validation",
  },
]
`;

exports[`array unique constraint (default, object values): object unique: valid 1`] = `Array []`;

exports[`array unique constraint (default, simple values): simple unique: duplicates 1`] = `
Array [
  Object {
    "item": ValidationError {
      "children": undefined,
      "message": "Can't be a duplicate",
      "operation": undefined,
      "paths": Array [
        Array [
          0,
        ],
        Array [
          3,
        ],
      ],
    },
    "level": "error",
    "path": Array [
      0,
    ],
    "type": "validation",
  },
  Object {
    "item": ValidationError {
      "children": undefined,
      "message": "Can't be a duplicate",
      "operation": undefined,
      "paths": Array [
        Array [
          0,
        ],
        Array [
          3,
        ],
      ],
    },
    "level": "error",
    "path": Array [
      3,
    ],
    "type": "validation",
  },
]
`;

exports[`array unique constraint (default, simple values): simple unique: valid 1`] = `Array []`;
