// Jest Snapshot v1, https://goo.gl/fbAQLP

exports[`batch patching (batch #1) 1`] = `
Object {
  "mutations": Array [
    Object {
      "patch": Object {
        "id": "doc_1",
        "set": Object {
          "some.path": Object {
            "_ref": "someAssetId",
            "_type": "reference",
          },
        },
      },
    },
    Object {
      "patch": Object {
        "id": "doc_2",
        "set": Object {
          "some.path": Object {
            "_ref": "someAssetId",
            "_type": "reference",
          },
        },
      },
    },
    Object {
      "patch": Object {
        "id": "doc_3",
        "set": Object {
          "some.path": Object {
            "_ref": "someAssetId",
            "_type": "reference",
          },
        },
      },
    },
    Object {
      "patch": Object {
        "id": "doc_4",
        "set": Object {
          "some.path": Object {
            "_ref": "someAssetId",
            "_type": "reference",
          },
        },
      },
    },
    Object {
      "patch": Object {
        "id": "doc_5",
        "set": Object {
          "some.path": Object {
            "_ref": "someAssetId",
            "_type": "reference",
          },
        },
      },
    },
    Object {
      "patch": Object {
        "id": "doc_6",
        "set": Object {
          "some.path": Object {
            "_ref": "someAssetId",
            "_type": "reference",
          },
        },
      },
    },
    Object {
      "patch": Object {
        "id": "doc_7",
        "set": Object {
          "some.path": Object {
            "_ref": "someAssetId",
            "_type": "reference",
          },
        },
      },
    },
    Object {
      "patch": Object {
        "id": "doc_8",
        "set": Object {
          "some.path": Object {
            "_ref": "someAssetId",
            "_type": "reference",
          },
        },
      },
    },
    Object {
      "patch": Object {
        "id": "doc_9",
        "set": Object {
          "some.path": Object {
            "_ref": "someAssetId",
            "_type": "reference",
          },
        },
      },
    },
    Object {
      "patch": Object {
        "id": "doc_10",
        "set": Object {
          "some.path": Object {
            "_ref": "someAssetId",
            "_type": "reference",
          },
        },
      },
    },
    Object {
      "patch": Object {
        "id": "doc_11",
        "set": Object {
          "some.path": Object {
            "_ref": "someAssetId",
            "_type": "reference",
          },
        },
      },
    },
    Object {
      "patch": Object {
        "id": "doc_12",
        "set": Object {
          "some.path": Object {
            "_ref": "someAssetId",
            "_type": "reference",
          },
        },
      },
    },
    Object {
      "patch": Object {
        "id": "doc_13",
        "set": Object {
          "some.path": Object {
            "_ref": "someAssetId",
            "_type": "reference",
          },
        },
      },
    },
    Object {
      "patch": Object {
        "id": "doc_14",
        "set": Object {
          "some.path": Object {
            "_ref": "someAssetId",
            "_type": "reference",
          },
        },
      },
    },
    Object {
      "patch": Object {
        "id": "doc_15",
        "set": Object {
          "some.path": Object {
            "_ref": "someAssetId",
            "_type": "reference",
          },
        },
      },
    },
    Object {
      "patch": Object {
        "id": "doc_16",
        "set": Object {
          "some.path": Object {
            "_ref": "someAssetId",
            "_type": "reference",
          },
        },
      },
    },
    Object {
      "patch": Object {
        "id": "doc_17",
        "set": Object {
          "some.path": Object {
            "_ref": "someAssetId",
            "_type": "reference",
          },
        },
      },
    },
    Object {
      "patch": Object {
        "id": "doc_18",
        "set": Object {
          "some.path": Object {
            "_ref": "someAssetId",
            "_type": "reference",
          },
        },
      },
    },
    Object {
      "patch": Object {
        "id": "doc_19",
        "set": Object {
          "some.path": Object {
            "_ref": "someAssetId",
            "_type": "reference",
          },
        },
      },
    },
    Object {
      "patch": Object {
        "id": "doc_20",
        "set": Object {
          "some.path": Object {
            "_ref": "someAssetId",
            "_type": "reference",
          },
        },
      },
    },
    Object {
      "patch": Object {
        "id": "doc_21",
        "set": Object {
          "some.path": Object {
            "_ref": "someAssetId",
            "_type": "reference",
          },
        },
      },
    },
    Object {
      "patch": Object {
        "id": "doc_22",
        "set": Object {
          "some.path": Object {
            "_ref": "someAssetId",
            "_type": "reference",
          },
        },
      },
    },
    Object {
      "patch": Object {
        "id": "doc_23",
        "set": Object {
          "some.path": Object {
            "_ref": "someAssetId",
            "_type": "reference",
          },
        },
      },
    },
    Object {
      "patch": Object {
        "id": "doc_24",
        "set": Object {
          "some.path": Object {
            "_ref": "someAssetId",
            "_type": "reference",
          },
        },
      },
    },
    Object {
      "patch": Object {
        "id": "doc_25",
        "set": Object {
          "some.path": Object {
            "_ref": "someAssetId",
            "_type": "reference",
          },
        },
      },
    },
    Object {
      "patch": Object {
        "id": "doc_26",
        "set": Object {
          "some.path": Object {
            "_ref": "someAssetId",
            "_type": "reference",
          },
        },
      },
    },
    Object {
      "patch": Object {
        "id": "doc_27",
        "set": Object {
          "some.path": Object {
            "_ref": "someAssetId",
            "_type": "reference",
          },
        },
      },
    },
    Object {
      "patch": Object {
        "id": "doc_28",
        "set": Object {
          "some.path": Object {
            "_ref": "someAssetId",
            "_type": "reference",
          },
        },
      },
    },
    Object {
      "patch": Object {
        "id": "doc_29",
        "set": Object {
          "some.path": Object {
            "_ref": "someAssetId",
            "_type": "reference",
          },
        },
      },
    },
    Object {
      "patch": Object {
        "id": "doc_30",
        "set": Object {
          "some.path": Object {
            "_ref": "someAssetId",
            "_type": "reference",
          },
        },
      },
    },
    Object {
      "patch": Object {
        "id": "doc_31",
        "set": Object {
          "some.path": Object {
            "_ref": "someAssetId",
            "_type": "reference",
          },
        },
      },
    },
    Object {
      "patch": Object {
        "id": "doc_32",
        "set": Object {
          "some.path": Object {
            "_ref": "someAssetId",
            "_type": "reference",
          },
        },
      },
    },
    Object {
      "patch": Object {
        "id": "doc_33",
        "set": Object {
          "some.path": Object {
            "_ref": "someAssetId",
            "_type": "reference",
          },
        },
      },
    },
    Object {
      "patch": Object {
        "id": "doc_34",
        "set": Object {
          "some.path": Object {
            "_ref": "someAssetId",
            "_type": "reference",
          },
        },
      },
    },
    Object {
      "patch": Object {
        "id": "doc_35",
        "set": Object {
          "some.path": Object {
            "_ref": "someAssetId",
            "_type": "reference",
          },
        },
      },
    },
    Object {
      "patch": Object {
        "id": "doc_36",
        "set": Object {
          "some.path": Object {
            "_ref": "someAssetId",
            "_type": "reference",
          },
        },
      },
    },
    Object {
      "patch": Object {
        "id": "doc_37",
        "set": Object {
          "some.path": Object {
            "_ref": "someAssetId",
            "_type": "reference",
          },
        },
      },
    },
    Object {
      "patch": Object {
        "id": "doc_38",
        "set": Object {
          "some.path": Object {
            "_ref": "someAssetId",
            "_type": "reference",
          },
        },
      },
    },
    Object {
      "patch": Object {
        "id": "doc_39",
        "set": Object {
          "some.path": Object {
            "_ref": "someAssetId",
            "_type": "reference",
          },
        },
      },
    },
    Object {
      "patch": Object {
        "id": "doc_40",
        "set": Object {
          "some.path": Object {
            "_ref": "someAssetId",
            "_type": "reference",
          },
        },
      },
    },
    Object {
      "patch": Object {
        "id": "doc_41",
        "set": Object {
          "some.path": Object {
            "_ref": "someAssetId",
            "_type": "reference",
          },
        },
      },
    },
    Object {
      "patch": Object {
        "id": "doc_42",
        "set": Object {
          "some.path": Object {
            "_ref": "someAssetId",
            "_type": "reference",
          },
        },
      },
    },
    Object {
      "patch": Object {
        "id": "doc_43",
        "set": Object {
          "some.path": Object {
            "_ref": "someAssetId",
            "_type": "reference",
          },
        },
      },
    },
    Object {
      "patch": Object {
        "id": "doc_44",
        "set": Object {
          "some.path": Object {
            "_ref": "someAssetId",
            "_type": "reference",
          },
        },
      },
    },
    Object {
      "patch": Object {
        "id": "doc_45",
        "set": Object {
          "some.path": Object {
            "_ref": "someAssetId",
            "_type": "reference",
          },
        },
      },
    },
    Object {
      "patch": Object {
        "id": "doc_46",
        "set": Object {
          "some.path": Object {
            "_ref": "someAssetId",
            "_type": "reference",
          },
        },
      },
    },
    Object {
      "patch": Object {
        "id": "doc_47",
        "set": Object {
          "some.path": Object {
            "_ref": "someAssetId",
            "_type": "reference",
          },
        },
      },
    },
    Object {
      "patch": Object {
        "id": "doc_48",
        "set": Object {
          "some.path": Object {
            "_ref": "someAssetId",
            "_type": "reference",
          },
        },
      },
    },
    Object {
      "patch": Object {
        "id": "doc_49",
        "set": Object {
          "some.path": Object {
            "_ref": "someAssetId",
            "_type": "reference",
          },
        },
      },
    },
    Object {
      "patch": Object {
        "id": "doc_50",
        "set": Object {
          "some.path": Object {
            "_ref": "someAssetId",
            "_type": "reference",
          },
        },
      },
    },
  ],
}
`;

exports[`batch patching (batch #2) 1`] = `
Object {
  "mutations": Array [
    Object {
      "patch": Object {
        "id": "doc_51",
        "set": Object {
          "some.path": Object {
            "_ref": "someAssetId",
            "_type": "reference",
          },
        },
      },
    },
    Object {
      "patch": Object {
        "id": "doc_52",
        "set": Object {
          "some.path": Object {
            "_ref": "someAssetId",
            "_type": "reference",
          },
        },
      },
    },
    Object {
      "patch": Object {
        "id": "doc_53",
        "set": Object {
          "some.path": Object {
            "_ref": "someAssetId",
            "_type": "reference",
          },
        },
      },
    },
    Object {
      "patch": Object {
        "id": "doc_54",
        "set": Object {
          "some.path": Object {
            "_ref": "someAssetId",
            "_type": "reference",
          },
        },
      },
    },
    Object {
      "patch": Object {
        "id": "doc_55",
        "set": Object {
          "some.path": Object {
            "_ref": "someAssetId",
            "_type": "reference",
          },
        },
      },
    },
    Object {
      "patch": Object {
        "id": "doc_56",
        "set": Object {
          "some.path": Object {
            "_ref": "someAssetId",
            "_type": "reference",
          },
        },
      },
    },
    Object {
      "patch": Object {
        "id": "doc_57",
        "set": Object {
          "some.path": Object {
            "_ref": "someAssetId",
            "_type": "reference",
          },
        },
      },
    },
    Object {
      "patch": Object {
        "id": "doc_58",
        "set": Object {
          "some.path": Object {
            "_ref": "someAssetId",
            "_type": "reference",
          },
        },
      },
    },
    Object {
      "patch": Object {
        "id": "doc_59",
        "set": Object {
          "some.path": Object {
            "_ref": "someAssetId",
            "_type": "reference",
          },
        },
      },
    },
    Object {
      "patch": Object {
        "id": "doc_60",
        "set": Object {
          "some.path": Object {
            "_ref": "someAssetId",
            "_type": "reference",
          },
        },
      },
    },
  ],
}
`;

exports[`fails if asset download fails 1`] = `
[Error: Error while fetching asset from "http://127.0.0.1:49999/img.gif":
connect ECONNREFUSED 127.0.0.1:49999]
`;

exports[`fails if asset lookup fails 1`] = `
[Error: Error while attempt to query Sanity API:
Some network err]
`;

exports[`single asset mutation 1`] = `
Object {
  "mutations": Array [
    Object {
      "patch": Object {
        "id": "movie_1",
        "set": Object {
          "metadata.poster": Object {
            "_ref": "someAssetId",
            "_type": "reference",
          },
        },
      },
    },
  ],
}
`;

exports[`single create mutation 1`] = `
Object {
  "mutations": Array [
    Object {
      "patch": Object {
        "id": "movie_1",
        "set": Object {
          "metadata.poster": Object {
            "_ref": "newAssetId",
            "_type": "reference",
          },
        },
      },
    },
  ],
}
`;
