// Jest Snapshot v1, https://goo.gl/fbAQLP

exports[`StudioFormBuilder should render a studio form 1`] = `"<div data-ui=\\"Stack\\" data-testid=\\"field-title\\" data-level=\\"0\\" class=\\"sc-papXJ gjenym sc-ciZhAO efRblM\\"><div data-as=\\"div\\" data-ui=\\"Flex\\" class=\\"sc-papXJ gjenym sc-crXcEl fusAMg\\"><div data-as=\\"div\\" data-ui=\\"Box\\" class=\\"sc-papXJ iLtUjR\\"><div data-ui=\\"Stack\\" class=\\"sc-papXJ gjenym sc-ciZhAO yyfaq\\"><div data-as=\\"div\\" data-ui=\\"Flex\\" class=\\"sc-papXJ gjenym sc-crXcEl dsVrCm\\"><label data-ui=\\"Text\\" class=\\"sc-bczRLJ dsxPVr\\"><span>Title</span></label></div></div></div></div><div><div><div data-testid=\\"change-bar-wrapper\\" class=\\"sc-jvLaUc iUzpVa\\"><div data-testid=\\"change-bar__field-wrapper\\" class=\\"sc-edUIhV jVrGkD\\"><span data-ui=\\"TextInput\\" class=\\"sc-cOFTSb bjlBzY\\"><span class=\\"sc-BeQoi cThryy\\"><input data-as=\\"input\\" id=\\"title\\" type=\\"text\\" class=\\"sc-jgbSNz huLzFw\\" value=\\"\\"><span class=\\"sc-gSAPjG eikjSl\\"></span></span></span></div></div></div></div></div>"`;
