// Jest Snapshot v1, https://goo.gl/fbAQLP

exports[`generateSchemaTypes can generate well known types 1`] = `"export declare const internalGroqTypeReferenceTo: unique symbol;"`;

exports[`generateSchemaTypes generateTypeNodeTypes should be able to generate types for type nodes: boolean 1`] = `"export type Test_2 = boolean;"`;

exports[`generateSchemaTypes generateTypeNodeTypes should be able to generate types for type nodes: null 1`] = `"export type Test_5 = null;"`;

exports[`generateSchemaTypes generateTypeNodeTypes should be able to generate types for type nodes: number 1`] = `"export type Test_3 = number;"`;

exports[`generateSchemaTypes generateTypeNodeTypes should be able to generate types for type nodes: string 1`] = `"export type Test = string;"`;

exports[`generateSchemaTypes generateTypeNodeTypes should be able to generate types for type nodes: unknown 1`] = `"export type Test_4 = unknown;"`;

exports[`generateSchemaTypes should generate TypeScript type declarations for a schema 1`] = `
"export type Author = {
  _id: string;
  _type: \\"author\\";
  _createdAt: string;
  _updatedAt: string;
  _rev: string;
  name?: string;
};

export type Post = {
  _id: string;
  _type: \\"post\\";
  _createdAt: string;
  _updatedAt: string;
  _rev: string;
  title?: string;
  author?: {
    _ref: string;
    _weak?: boolean;
    [internalGroqTypeReferenceTo]?: \\"author\\";
  } | {
    _ref: string;
    _weak?: boolean;
    [internalGroqTypeReferenceTo]?: \\"ghost\\";
  };
  slug?: Slug;
  excerpt?: string;
  mainImage?: {
    _type: \\"image\\";
    asset: {
      _ref: string;
      _weak?: boolean;
      [internalGroqTypeReferenceTo]?: \\"sanity.imageAsset\\";
    };
    caption?: string;
    attribution?: string;
    hotspot?: {
      _type: \\"sanity.imageHotspot\\";
      x: number;
      y: number;
      height: number;
      width: number;
    };
    crop?: {
      _type: \\"sanity.imageCrop\\";
      top: number;
      bottom: number;
      left: number;
      right: number;
    };
  };
  body?: BlockContent;
};

export type Ghost = {
  _id: string;
  _type: \\"ghost\\";
  _createdAt: string;
  _updatedAt: string;
  _rev: string;
  name?: string;
};

export type BlockContent = Array<{
  _key: string;
  level?: number;
  style?: \\"normal\\" | \\"h1\\" | \\"h2\\" | \\"h3\\" | \\"h4\\" | \\"blockquote\\";
  listItem?: \\"bullet\\";
  children: Array<{
    _key: string;
    text: string;
    marks: Array<string | \\"strong\\" | \\"em\\">;
  }>;
  markDefs: Array<{
    href?: string;
  }>;
  _key: string;
}>;

export type SanityAssetSourceData = {
  name?: string;
  id?: string;
  url?: string;
  _type: \\"sanity.assetSourceData\\";
};

export type Slug = {
  current?: string;
  source?: string;
  _type: \\"slug\\";
};

export type Geopoint = {
  lat?: number;
  lng?: number;
  alt?: number;
  _type: \\"geopoint\\";
};

export type SanityImageAsset = {
  _id: string;
  _type: \\"sanity.imageAsset\\";
  _createdAt: string;
  _updatedAt: string;
  _rev: string;
  originalFilename?: string;
  label?: string;
  title?: string;
  description?: string;
  altText?: string;
  sha1hash?: string;
  extension?: string;
  mimeType?: string;
  size?: number;
  assetId?: string;
  uploadId?: string;
  path?: string;
  url?: string;
  metadata?: SanityImageMetadata;
  source?: SanityAssetSourceData;
};

export type SanityFileAsset = {
  _id: string;
  _type: \\"sanity.fileAsset\\";
  _createdAt: string;
  _updatedAt: string;
  _rev: string;
  originalFilename?: string;
  label?: string;
  title?: string;
  description?: string;
  altText?: string;
  sha1hash?: string;
  extension?: string;
  mimeType?: string;
  size?: number;
  assetId?: string;
  uploadId?: string;
  path?: string;
  url?: string;
  source?: SanityAssetSourceData;
};

export type SanityImageCrop = {
  top?: number;
  bottom?: number;
  left?: number;
  right?: number;
  _type: \\"sanity.imageCrop\\";
};

export type SanityImageHotspot = {
  x?: number;
  y?: number;
  height?: number;
  width?: number;
  _type: \\"sanity.imageHotspot\\";
};

export type SanityImageMetadata = {
  location?: Geopoint;
  dimensions?: SanityImageDimensions;
  palette?: SanityImagePalette;
  lqip?: string;
  blurHash?: string;
  hasAlpha?: boolean;
  isOpaque?: boolean;
  _type: \\"sanity.imageMetadata\\";
};

export type SanityImageDimensions = {
  height?: number;
  width?: number;
  aspectRatio?: number;
  _type: \\"sanity.imageDimensions\\";
};

export type SanityImagePalette = {
  darkMuted?: SanityImagePaletteSwatch;
  lightVibrant?: SanityImagePaletteSwatch;
  darkVibrant?: SanityImagePaletteSwatch;
  vibrant?: SanityImagePaletteSwatch;
  dominant?: SanityImagePaletteSwatch;
  lightMuted?: SanityImagePaletteSwatch;
  muted?: SanityImagePaletteSwatch;
  _type: \\"sanity.imagePalette\\";
};

export type SanityImagePaletteSwatch = {
  background?: string;
  foreground?: string;
  population?: number;
  title?: string;
  _type: \\"sanity.imagePaletteSwatch\\";
};

export type AllSanitySchemaTypes = Author | Post | Ghost | BlockContent | SanityAssetSourceData | Slug | Geopoint | SanityImageAsset | SanityFileAsset | SanityImageCrop | SanityImageHotspot | SanityImageMetadata | SanityImageDimensions | SanityImagePalette | SanityImagePaletteSwatch;"
`;

exports[`generateSchemaTypes should generate correct types for document schema with inline fields 1`] = `
"export type MyObject = {
  inlineField: {
    test: string;
  } & Test;
  unknownObject: unknown;
  arrayField: Array<string>;
  unionField: {
    test: string;
  } | string | Test;
};"
`;

exports[`generateSchemaTypes should generate correct types for document schema with inline fields 2`] = `"export type SomeOtherType = MyObject;"`;
