// Jest Snapshot v1, https://goo.gl/fbAQLP

exports[`builder all hotspot/crop-compatible params 1`] = `"rect=200,300,1600,2400&flip=hv&fm=png&dl=a.png&blur=50&sharp=7&invert=true&or=90&min-h=150&max-h=300&min-w=100&max-w=200&q=50&fit=crop"`;

exports[`builder all params 1`] = `"rect=10,20,30,40&fp-x=10&fp-x=20&flip=hv&fm=png&dl=a.png&blur=50&invert=true&or=90&min-h=150&max-h=300&min-w=100&max-w=200&q=50&fit=crop&crop=center"`;

exports[`builder can be told to ignore hotspot 1`] = `"https://cdn.sanity.io/images/zp7mbokg/production/Tb9Ew8CXIwaY6R1kjMvI0uRR-2000x3000.jpg?w=100&h=80"`;

exports[`builder can specify options with url params 1`] = `"https://cdn.sanity.io/images/zp7mbokg/production/Tb9Ew8CXIwaY6R1kjMvI0uRR-2000x3000.jpg?rect=200,300,1600,2400&w=320&h=240"`;

exports[`builder constrains aspect ratio 1`] = `"https://cdn.sanity.io/images/zp7mbokg/production/Tb9Ew8CXIwaY6R1kjMvI0uRR-2000x3000.jpg?rect=200,300,1600,1280&w=100&h=80"`;

exports[`builder does crop image with no crop/hotspot specified if aspect ratio is forced 1`] = `"https://cdn.sanity.io/images/zp7mbokg/production/vK7bXJPEjVpL_C950gH1N73Zv14r7pYsbUdXl-4288x2848.jpg?rect=720,0,2848,2848&w=80&h=80"`;

exports[`builder does not crop image with no crop/hotspot specified 1`] = `"https://cdn.sanity.io/images/zp7mbokg/production/vK7bXJPEjVpL_C950gH1N73Zv14r7pYsbUdXl-4288x2848.jpg?w=80"`;

exports[`builder flip horizontal 1`] = `"flip=h"`;

exports[`builder flip vertical 1`] = `"flip=v"`;

exports[`builder handles crop but no hotspot 1`] = `"https://cdn.sanity.io/images/zp7mbokg/production/Tb9Ew8CXIwaY6R1kjMvI0uRR-2000x3000.jpg?rect=200,300,1600,2400"`;

exports[`builder handles hotspot but no crop 1`] = `"https://cdn.sanity.io/images/zp7mbokg/production/Tb9Ew8CXIwaY6R1kjMvI0uRR-2000x3000.jpg"`;

exports[`builder skips hotspot/crop if crop mode specified 1`] = `"https://cdn.sanity.io/images/zp7mbokg/production/Tb9Ew8CXIwaY6R1kjMvI0uRR-2000x3000.jpg?w=100&h=80&crop=center"`;

exports[`builder skips hotspot/crop if focal point specified 1`] = `"https://cdn.sanity.io/images/zp7mbokg/production/Tb9Ew8CXIwaY6R1kjMvI0uRR-2000x3000.jpg?fp-x=10&fp-x=20&w=100&h=80"`;

exports[`builder toString() aliases url() 1`] = `"https://cdn.sanity.io/images/zp7mbokg/production/Tb9Ew8CXIwaY6R1kjMvI0uRR-2000x3000.jpg?w=100&h=80"`;
