// Jest Snapshot v1, https://goo.gl/fbAQLP

exports[`throws on invalid dimensions 1`] = `"Malformed asset _ref 'image-assetId-mooxmoo-png'. Expected an id like \\"image-Tb9Ew8CXIwaY6R1kjMvI0uRR-2000x3000-jpg\\"."`;

exports[`throws on invalid document id 1`] = `"Malformed asset _ref 'moop'. Expected an id like \\"image-Tb9Ew8CXIwaY6R1kjMvI0uRR-2000x3000-jpg\\"."`;
