// Jest Snapshot v1, https://goo.gl/fbAQLP

exports[`builds form view through constructor, with defaults 1`] = `
Object {
  "icon": undefined,
  "id": "editor",
  "title": "Editor",
  "type": "form",
}
`;

exports[`can override defaults 1`] = `
Object {
  "icon": [Function],
  "id": "custom-editor",
  "title": "Custom editor",
  "type": "form",
}
`;
