// Jest Snapshot v1, https://goo.gl/fbAQLP

exports[`builds list items with ID and title through setters 1`] = `
Object {
  "child": undefined,
  "id": "authors",
  "schemaType": undefined,
  "title": "Authors",
  "type": "listItem",
}
`;

exports[`builds list items with child defined through builder 1`] = `
Object {
  "child": Object {
    "canHandleIntent": [Function],
    "child": [Function],
    "defaultLayout": undefined,
    "displayOptions": undefined,
    "id": "asoiaf-books",
    "initialValueTemplates": Array [],
    "menuItemGroups": Array [],
    "menuItems": Array [],
    "options": Object {
      "apiVersion": "1",
      "filter": "author == \\"grrm\\"",
    },
    "schemaTypeName": undefined,
    "title": undefined,
    "type": "documentList",
  },
  "id": "asoiaf",
  "schemaType": undefined,
  "title": "A Song of Ice and Fire",
  "type": "listItem",
}
`;

exports[`builds list items with display options (dont show icon) 1`] = `
Object {
  "child": undefined,
  "displayOptions": Object {
    "showIcon": false,
  },
  "id": "foo",
  "schemaType": undefined,
  "title": "Foo",
  "type": "listItem",
}
`;

exports[`builds list items with display options (show icon) 1`] = `
Object {
  "child": undefined,
  "displayOptions": Object {
    "showIcon": true,
  },
  "id": "foo",
  "schemaType": undefined,
  "title": "Foo",
  "type": "listItem",
}
`;

exports[`builds list items with only ID and title 1`] = `
Object {
  "child": undefined,
  "id": "foo",
  "schemaType": undefined,
  "title": "Foo",
  "type": "listItem",
}
`;

exports[`builds list items with specific child (editor node) 1`] = `
Object {
  "child": Object {
    "id": "foo",
    "options": Object {
      "id": "wow",
      "type": "book",
    },
    "type": "editor",
  },
  "id": "wow",
  "schemaType": undefined,
  "title": "The Winds of Winter",
  "type": "listItem",
}
`;

exports[`builds list items with specific child resolver 1`] = `
Object {
  "child": [Function],
  "id": "wow",
  "schemaType": undefined,
  "title": "The Winds of Winter",
  "type": "listItem",
}
`;

exports[`builds list items with specified schema type 1`] = `
Object {
  "child": undefined,
  "id": "foo",
  "schemaType": Object {
    "name": "book",
    "type": Object {
      "name": "object",
    },
  },
  "title": "Foo",
  "type": "listItem",
}
`;

exports[`throws if no id is set 1`] = `"\`id\` is required for list items"`;

exports[`throws if no title is set 1`] = `"\`title\` is required for list items"`;
