// Jest Snapshot v1, https://goo.gl/fbAQLP

exports[`getTemplates returns defaults if part is not implemented 1`] = `
Array [
  Object {
    "description": undefined,
    "icon": [Function],
    "id": "author",
    "parameters": undefined,
    "schemaType": "author",
    "title": "Author",
    "value": [Function],
  },
  Object {
    "description": undefined,
    "icon": [Function],
    "id": "post",
    "parameters": undefined,
    "schemaType": "post",
    "title": "Post",
    "value": Object {
      "_type": "post",
    },
  },
]
`;

exports[`getTemplates returns defined templates if part implemented 1`] = `
Array [
  Object {
    "id": "author",
    "schemaType": "author",
    "title": "Author",
    "value": Object {
      "title": "here",
    },
  },
  Object {
    "id": "developer",
    "schemaType": "developer",
    "title": "Developer",
    "value": Object {
      "title": "Foo",
    },
  },
]
`;

exports[`getTemplates validates that templates has ID 1`] = `
Array [
  Object {
    "description": undefined,
    "icon": [Function],
    "id": "author",
    "parameters": undefined,
    "schemaType": "author",
    "title": "Author",
    "value": [Function],
  },
  Object {
    "description": undefined,
    "icon": [Function],
    "id": "post",
    "parameters": undefined,
    "schemaType": "post",
    "title": "Post",
    "value": Object {
      "_type": "post",
    },
  },
]
`;

exports[`getTemplates validates that templates has ID: warning 1`] = `
"Failed to load defined templates, falling back to defaults:
Template \\"Author\\" is missing required properties: id"
`;

exports[`getTemplates validates that templates has an object/function value 1`] = `
Array [
  Object {
    "description": undefined,
    "icon": [Function],
    "id": "author",
    "parameters": undefined,
    "schemaType": "author",
    "title": "Author",
    "value": [Function],
  },
  Object {
    "description": undefined,
    "icon": [Function],
    "id": "post",
    "parameters": undefined,
    "schemaType": "post",
    "title": "Post",
    "value": Object {
      "_type": "post",
    },
  },
]
`;

exports[`getTemplates validates that templates has an object/function value: warning 1`] = `
"Failed to load defined templates, falling back to defaults:
Template \\"author\\" has an invalid \\"value\\" property; should be a function or an object"
`;

exports[`getTemplates validates that templates has id, title, schemaType, value 1`] = `
Array [
  Object {
    "description": undefined,
    "icon": [Function],
    "id": "author",
    "parameters": undefined,
    "schemaType": "author",
    "title": "Author",
    "value": [Function],
  },
  Object {
    "description": undefined,
    "icon": [Function],
    "id": "post",
    "parameters": undefined,
    "schemaType": "post",
    "title": "Post",
    "value": Object {
      "_type": "post",
    },
  },
]
`;

exports[`getTemplates validates that templates has id, title, schemaType, value: warning 1`] = `
"Failed to load defined templates, falling back to defaults:
Template at index 0 is missing required properties: id, title, schemaType, value"
`;

exports[`getTemplates validates that templates has schema type 1`] = `
Array [
  Object {
    "description": undefined,
    "icon": [Function],
    "id": "author",
    "parameters": undefined,
    "schemaType": "author",
    "title": "Author",
    "value": [Function],
  },
  Object {
    "description": undefined,
    "icon": [Function],
    "id": "post",
    "parameters": undefined,
    "schemaType": "post",
    "title": "Post",
    "value": Object {
      "_type": "post",
    },
  },
]
`;

exports[`getTemplates validates that templates has schema type: warning 1`] = `
"Failed to load defined templates, falling back to defaults:
Template \\"author\\" is missing required properties: schemaType"
`;

exports[`getTemplates validates that templates has title 1`] = `
Array [
  Object {
    "description": undefined,
    "icon": [Function],
    "id": "author",
    "parameters": undefined,
    "schemaType": "author",
    "title": "Author",
    "value": [Function],
  },
  Object {
    "description": undefined,
    "icon": [Function],
    "id": "post",
    "parameters": undefined,
    "schemaType": "post",
    "title": "Post",
    "value": Object {
      "_type": "post",
    },
  },
]
`;

exports[`getTemplates validates that templates has title: warning 1`] = `
"Failed to load defined templates, falling back to defaults:
Template \\"author\\" is missing required properties: title"
`;

exports[`getTemplates validates that templates has unique IDs 1`] = `
Array [
  Object {
    "description": undefined,
    "icon": [Function],
    "id": "author",
    "parameters": undefined,
    "schemaType": "author",
    "title": "Author",
    "value": [Function],
  },
  Object {
    "description": undefined,
    "icon": [Function],
    "id": "post",
    "parameters": undefined,
    "schemaType": "post",
    "title": "Post",
    "value": Object {
      "_type": "post",
    },
  },
]
`;

exports[`getTemplates validates that templates has unique IDs: warning 1`] = `
"Failed to load defined templates, falling back to defaults:
Template \\"Developer\\" at index 1 has the same ID (\\"author\\") as template \\"Author\\" at index 0"
`;

exports[`getTemplates validates that templates has value 1`] = `
Array [
  Object {
    "description": undefined,
    "icon": [Function],
    "id": "author",
    "parameters": undefined,
    "schemaType": "author",
    "title": "Author",
    "value": [Function],
  },
  Object {
    "description": undefined,
    "icon": [Function],
    "id": "post",
    "parameters": undefined,
    "schemaType": "post",
    "title": "Post",
    "value": Object {
      "_type": "post",
    },
  },
]
`;

exports[`getTemplates validates that templates has value: warning 1`] = `
"Failed to load defined templates, falling back to defaults:
Template \\"author\\" is missing required properties: value"
`;
